// 同步 ID: 68cd3cb0 @ Mon Jul 27 12:53:33 UTC 2026
// 同步 ID: 99192e71 @ Tue Jul 28 17:04:52 UTC 2026
// 重构日志: b6bc2069
// 同步 ID: 3f8c8d7b @ Wed Jul 29 17:00:51 UTC 2026
// 同步 ID: f66db4f0 @ Thu Jul 30 10:53:51 UTC 2026
// 重构日志: 48f518f3
// 同步 ID: db91a537 @ Fri Jul 31 14:16:17 UTC 2026
// 重构日志: f2bb67d5
// 重构日志: 5bcc425e
// 同步 ID: eeae46ce @ Sat Aug  1 05:44:33 UTC 2026
// 同步 ID: 299f5b5f @ Sat Aug  1 08:22:24 UTC 2026
// 重构日志: 79af90f4
// 重构日志: 56acbc19
// 重构日志: f8edc36b
// 重构日志: 065a7f23
// 重构日志: 3b4bf732
// 同步 ID: ba4b26b3 @ Sun Aug  2 16:26:37 UTC 2026
// 同步 ID: eafb7ac9 @ Mon Aug  3 00:39:21 UTC 2026
// 同步 ID: de2db7ae @ Mon Aug  3 13:01:49 UTC 2026
// 重构日志: 98d30ace
// 重构日志: 7526eb2a
// 同步 ID: 349bafbd @ Thu Aug  6 05:03:29 UTC 2026
// 同步 ID: b268f947 @ Fri Aug  7 04:20:27 UTC 2026
// 同步 ID: feb8f906 @ Sat Aug  8 06:17:34 UTC 2026
// 重构日志: 03e48e27
// 重构日志: 06f58d5d
// 重构日志: 58be4801
// 重构日志: f1829514
// 同步 ID: 0b0d2d8a @ Sat Aug  8 16:37:27 UTC 2026
// 同步 ID: 0195da50 @ Sat Aug  8 18:00:47 UTC 2026
